# seams verify
# issue:    GH-33
# seam:     0001
# binding:  seams-diff-binding-v1 e390d1c713fd0cf60da6b2941453dbed81a9e6a52e6e97fdddafa37fff04e25d
# run_id:   0001-c3-extended-full-ci-20260825T005811Z-50de
# executed: cargo fmt --check 
# started:  20260825T005811Z
# exit:     1 (1s)
# output:   56 lines
# ---
Diff in /private/tmp/dogfood-discuss-cli/.worktrees/gh-33/src/config.rs:221:
     }
 }
 
[31m-fn deserialize_port<'de, D>(
(B[m[31m-    deserializer: D,
(B[m[31m-) -> std::result::Result<Option<u16>, D::Error>
(B[m[32m+fn deserialize_port<'de, D>(deserializer: D) -> std::result::Result<Option<u16>, D::Error>
(B[m where
     D: serde::Deserializer<'de>,
 {
Diff in /private/tmp/dogfood-discuss-cli/.worktrees/gh-33/src/config.rs:476:
         let user_path = temp_dir.path().join("user.toml");
         let project_path = temp_dir.path().join("project.toml");
         fs::write(&user_path, "port = 1111\n").expect("user config should be written");
[31m-        fs::write(&project_path, "no_save = true\n")
(B[m[31m-            .expect("project config should be written");
(B[m[32m+        fs::write(&project_path, "no_save = true\n").expect("project config should be written");
(B[m 
         let config = Config::resolve_with_sources(
             ConfigOverrides::default(),
Diff in /private/tmp/dogfood-discuss-cli/.worktrees/gh-33/src/server/mod.rs:306:
     #[test]
     fn local_addr_failure_maps_to_server_bind_error() {
         let requested = SocketAddr::from((Ipv4Addr::LOCALHOST, 0));
[31m-        let error = local_addr_or_bind_error(
(B[m[31m-            requested,
(B[m[31m-            Err(io::Error::other("local address failed")),
(B[m[31m-        )
(B[m[31m-        .expect_err("local address failure should fail startup");
(B[m[32m+        let error =
(B[m[32m+            local_addr_or_bind_error(requested, Err(io::Error::other("local address failed")))
(B[m[32m+                .expect_err("local address failure should fail startup");
(B[m 
         match error {
             DiscussError::ServerBindError { addr, source } => {
Diff in /private/tmp/dogfood-discuss-cli/.worktrees/gh-33/tests/cli.rs:274:
     let first_home = first_dir.path().join("home");
     fs::create_dir(&first_home).expect("first home should be created");
     let first_markdown = first_dir.path().join("review.md");
[31m-    fs::write(&first_markdown, "# First Review\n")
(B[m[31m-        .expect("first markdown file should be written");
(B[m[32m+    fs::write(&first_markdown, "# First Review\n").expect("first markdown file should be written");
(B[m 
     let second_dir = tempdir().expect("second tempdir should be created");
     let second_home = second_dir.path().join("home");
Diff in /private/tmp/dogfood-discuss-cli/.worktrees/gh-33/tests/cli.rs:448:
 
 fn get_state(port: u16) -> String {
     let mut stream = TcpStream::connect((Ipv4Addr::LOCALHOST, port)).expect("connect to discuss");
[31m-    let request =
(B[m[31m-        "GET /api/state HTTP/1.1\r\nHost: 127.0.0.1\r\nConnection: close\r\n\r\n";
(B[m[32m+    let request = "GET /api/state HTTP/1.1\r\nHost: 127.0.0.1\r\nConnection: close\r\n\r\n";
(B[m     stream
         .write_all(request.as_bytes())
         .expect("write state request");
