# seams verify
# issue:    GH-33
# seam:     0001
# binding:  seams-diff-binding-v1 30df1b745cd5dc527e676b5335571f614695b6e16ade79a6c99fffdd8e1d4794
# slot:     c1
# slot_row_hash: 6800140b083ab0f9a94064a00d3a8f97743e6c78fdd841a45faa151b87eb49a7
# run_id:   0001-c1-20260825T004941Z-7cbf
# executed: cargo test --lib config::tests && cargo test --test cli cli_zero_env_port_exits_two
# started:  20260825T004941Z
# exit:     0 (28s)
# output:   231 lines
# ---
   Compiling proc-macro2 v1.0.106
   Compiling unicode-ident v1.0.24
   Compiling quote v1.0.45
   Compiling libc v0.2.185
   Compiling cfg-if v1.0.4
   Compiling smallvec v1.15.1
   Compiling once_cell v1.21.4
   Compiling pin-project-lite v0.2.17
   Compiling itoa v1.0.18
   Compiling stable_deref_trait v1.2.1
   Compiling serde_core v1.0.228
   Compiling futures-core v0.3.32
   Compiling bytes v1.11.1
   Compiling parking_lot_core v0.9.12
   Compiling scopeguard v1.2.0
   Compiling log v0.4.29
   Compiling lock_api v0.4.14
   Compiling find-msvc-tools v0.1.9
   Compiling tracing-core v0.1.36
   Compiling serde v1.0.228
   Compiling shlex v1.3.0
   Compiling memchr v2.8.0
   Compiling futures-sink v0.3.32
   Compiling cc v1.2.60
   Compiling siphasher v1.0.2
   Compiling writeable v0.6.3
   Compiling litemap v0.8.2
   Compiling version_check v0.9.5
   Compiling bitflags v2.11.1
   Compiling percent-encoding v2.3.2
   Compiling futures-io v0.3.32
   Compiling icu_properties_data v2.2.0
   Compiling utf8_iter v1.0.4
   Compiling tower-service v0.3.3
   Compiling icu_normalizer_data v2.2.0
   Compiling zeroize v1.8.2
   Compiling futures-task v0.3.32
   Compiling httparse v1.10.1
   Compiling slab v0.4.12
   Compiling rustls-pki-types v1.14.0
   Compiling generic-array v0.14.7
   Compiling try-lock v0.2.5
   Compiling untrusted v0.9.0
   Compiling rustix v1.1.4
   Compiling http v1.4.0
   Compiling syn v2.0.117
   Compiling futures-util v0.3.32
   Compiling want v0.3.1
   Compiling errno v0.3.14
   Compiling mio v1.2.0
   Compiling socket2 v0.6.3
   Compiling signal-hook-registry v1.4.8
   Compiling getrandom v0.2.17
   Compiling parking_lot v0.12.5
   Compiling phf_shared v0.13.1
   Compiling futures-channel v0.3.32
   Compiling sync_wrapper v1.0.2
   Compiling httpdate v1.0.3
   Compiling atomic-waker v1.1.2
   Compiling tower-layer v0.3.3
   Compiling typenum v1.20.0
   Compiling rustls v0.23.39
   Compiling fastrand v2.4.1
   Compiling phf_generator v0.13.1
   Compiling form_urlencoded v1.2.2
   Compiling crossbeam-utils v0.8.21
   Compiling crc32fast v1.5.0
   Compiling ipnet v2.12.0
   Compiling equivalent v1.0.2
   Compiling hashbrown v0.17.0
   Compiling utf8parse v0.2.2
   Compiling tinyvec_macros v0.1.1
   Compiling subtle v2.6.1
   Compiling base64 v0.22.1
   Compiling getrandom v0.4.2
   Compiling autocfg v1.5.0
   Compiling ring v0.17.14
   Compiling regex-syntax v0.8.10
   Compiling http-body v1.0.1
   Compiling zmij v1.0.21
   Compiling num-traits v0.2.19
   Compiling http-body-util v0.1.3
   Compiling anstyle-parse v1.0.0
   Compiling tinyvec v1.11.0
   Compiling phf_codegen v0.13.1
   Compiling anstyle v1.0.14
   Compiling simd-adler32 v0.3.9
   Compiling indexmap v2.14.0
   Compiling adler2 v2.0.1
   Compiling jetscii v0.5.3
   Compiling thiserror v2.0.18
   Compiling is_terminal_polyfill v1.70.2
   Compiling ryu v1.0.23
   Compiling serde_json v1.0.149
   Compiling powerfmt v0.2.0
   Compiling entities v1.0.1
   Compiling anstyle-query v1.1.5
   Compiling lazy_static v1.5.0
   Compiling colorchoice v1.0.5
   Compiling sharded-slab v0.1.7
   Compiling anstream v1.0.0
   Compiling comrak v0.52.0
   Compiling crypto-common v0.1.7
   Compiling block-buffer v0.10.4
   Compiling deranged v0.5.8
   Compiling unicode-normalization v0.1.25
   Compiling miniz_oxide v0.8.9
   Compiling regex-automata v0.4.14
   Compiling webpki-roots v1.0.7
   Compiling tracing-log v0.2.0
   Compiling thread_local v1.1.9
   Compiling core-foundation-sys v0.8.7
   Compiling winnow v0.7.15
   Compiling time-core v0.1.8
   Compiling heck v0.5.0
   Compiling strsim v0.11.1
   Compiling nu-ansi-term v0.50.3
   Compiling toml_write v0.1.2
   Compiling mime v0.3.17
   Compiling option-ext v0.2.0
   Compiling num-conv v0.2.1
   Compiling clap_lex v1.1.0
   Compiling iri-string v0.7.12
   Compiling dirs-sys v0.5.0
   Compiling clap_builder v4.6.0
   Compiling tempfile v3.27.0
   Compiling iana-time-zone v0.1.65
   Compiling time v0.3.47
   Compiling phf v0.13.1
   Compiling serde_path_to_error v0.1.20
   Compiling flate2 v1.1.9
   Compiling caseless v0.2.2
   Compiling crossbeam-channel v0.5.15
   Compiling digest v0.10.7
   Compiling xattr v1.6.1
   Compiling cpufeatures v0.2.17
   Compiling rustls-webpki v0.103.13
   Compiling filetime v0.2.27
   Compiling synstructure v0.13.2
   Compiling matchers v0.2.0
   Compiling pathdiff v0.2.3
   Compiling finl_unicode v1.4.0
   Compiling rustc-hash v2.1.2
   Compiling matchit v0.8.4
   Compiling typed-arena v2.0.2
   Compiling symlink v0.1.0
   Compiling open v5.3.4
   Compiling tar v0.4.45
   Compiling sha2 v0.10.9
   Compiling zip v4.6.1
   Compiling self-replace v1.5.0
   Compiling directories v6.0.0
   Compiling is-terminal v0.4.17
   Compiling semver v1.0.28
   Compiling zerofrom-derive v0.1.7
   Compiling yoke-derive v0.8.2
   Compiling zerovec-derive v0.11.3
   Compiling displaydoc v0.2.5
   Compiling tracing-attributes v0.1.31
   Compiling tokio-macros v2.7.0
   Compiling serde_derive v1.0.228
   Compiling thiserror-impl v2.0.18
   Compiling clap_derive v4.6.1
   Compiling tokio v1.52.1
   Compiling async-stream-impl v0.3.6
   Compiling zerofrom v0.1.7
   Compiling async-stream v0.3.6
   Compiling yoke v0.8.2
   Compiling zerovec v0.11.6
   Compiling zerotrie v0.2.4
   Compiling tracing v0.1.44
   Compiling tracing-subscriber v0.3.23
   Compiling axum-core v0.5.6
   Compiling tinystr v0.8.3
   Compiling potential_utf v0.1.5
   Compiling icu_collections v2.2.0
   Compiling icu_locale_core v2.2.0
   Compiling clap v4.6.1
   Compiling tracing-appender v0.2.5
   Compiling icu_provider v2.2.0
   Compiling icu_normalizer v2.2.0
   Compiling icu_properties v2.2.0
   Compiling serde_urlencoded v0.7.1
   Compiling serde_spanned v0.6.9
   Compiling toml_datetime v0.6.11
   Compiling chrono v0.4.44
   Compiling toml_edit v0.22.27
   Compiling idna_adapter v1.2.1
   Compiling idna v1.1.0
   Compiling url v2.5.8
   Compiling hyper v1.9.0
   Compiling tower v0.5.3
   Compiling tokio-rustls v0.26.4
   Compiling toml v0.8.23
   Compiling tower-http v0.6.8
   Compiling hyper-util v0.1.20
   Compiling hyper-rustls v0.27.9
   Compiling axum v0.8.9
   Compiling reqwest v0.12.28
   Compiling discuss v0.7.0 (/private/tmp/dogfood-discuss-cli/.worktrees/gh-33)
    Finished `test` profile [unoptimized + debuginfo] target(s) in 22.92s
     Running unittests src/lib.rs (target/debug/deps/discuss-7e34c7baef40e5cd)

running 15 tests
test config::tests::default_config_uses_documented_values ... ok
test config::tests::cli_overrides_win_over_env_vars ... ok
test config::tests::invalid_env_var_returns_config_parse_error ... ok
test config::tests::config_toml_without_port_defaults_to_none ... ok
test config::tests::deserializes_partial_toml_using_config_defaults ... ok
test config::tests::deserializes_valid_toml_with_defaults_for_omitted_fields ... ok
test config::tests::rejects_unknown_fields_as_config_parse_errors ... ok
test config::tests::rejects_zero_port_from_env ... ok
test config::tests::rejects_zero_port_from_config_file_layer ... ok
test config::tests::rejects_zero_port_from_toml ... ok
test config::tests::config_layer_toml_without_port_preserves_lower_layer_port ... ok
test config::tests::malformed_config_file_returns_path_aware_parse_error ... ok
test config::tests::env_vars_override_toml_layers ... ok
test config::tests::resolve_ignores_missing_config_files ... ok
test config::tests::project_toml_overrides_user_toml_without_resetting_omitted_fields ... ok

test result: ok. 15 passed; 0 failed; 0 ignored; 0 measured; 165 filtered out; finished in 0.00s

   Compiling discuss v0.7.0 (/private/tmp/dogfood-discuss-cli/.worktrees/gh-33)
    Finished `test` profile [unoptimized + debuginfo] target(s) in 4.25s
     Running tests/cli.rs (target/debug/deps/cli-7ce25a50a1b05136)

running 1 test
test cli_zero_env_port_exits_two ... ok

test result: ok. 1 passed; 0 failed; 0 ignored; 0 measured; 7 filtered out; finished in 0.02s

